#-----------------------------------------------------------
# Vivado v2019.1 (64-bit)
# SW Build 2552052 on Fri May 24 14:49:42 MDT 2019
# IP Build 2548770 on Fri May 24 18:01:18 MDT 2019
# Start of session at: Thu Apr 22 08:03:21 2021
# Process ID: 14852
# Current directory: D:/Projects/XilinxProjects/UPzynq20_test
# Command line: vivado.exe -gui_launcher_event rodinguilauncherevent4980 D:\Projects\XilinxProjects\UPzynq20_test\UPzynq20_test.xpr
# Log file: D:/Projects/XilinxProjects/UPzynq20_test/vivado.log
# Journal file: D:/Projects/XilinxProjects/UPzynq20_test\vivado.jou
#-----------------------------------------------------------
start_gui
open_project D:/Projects/XilinxProjects/UPzynq20_test/UPzynq20_test.xpr
update_compile_order -fileset sources_1
open_bd_design {D:/Projects/XilinxProjects/UPzynq20_test/UPzynq20_test.srcs/sources_1/bd/UPzynq20_test_design/UPzynq20_test_design.bd}
ipx::edit_ip_in_project -upgrade true -name IP_AXI_LEDS_v1_0_project -directory D:/Projects/XilinxProjects/UPzynq20_test/UPzynq20_test.tmp/IP_AXI_LEDS_v1_0_project d:/Projects/XilinxProjects/UPzynq20_test/IP/IP_AXI_LEDS/IP_AXI_LEDS_1.0/component.xml
update_compile_order -fileset sources_1
close_project
